// Jest Snapshot v1, https://goo.gl/fbAQLP

exports[`Sends an operator to the stack 1`] = `
Object {
  "key": Object {
    "arity": 1,
    "fn": [Function],
    "keyLabel": "sqrt",
    "keyValue": "q",
    "type": "OPERATOR",
  },
  "type": "USER_OPERATOR_INPUT",
  "userInput": "2",
}
`;
